V3 3
FL /home/student2/a3lall/Desktop/COE758/COE758_Tutorials/project2/project2.vhd 2023/11/27.11:55:03 O.87xd
EN work/project2 1701104975 \
      FL /home/student2/a3lall/Desktop/COE758/COE758_Tutorials/project2/project2.vhd \
      PB ieee/std_logic_1164 1325952872
AR work/project2/Behavioral 1701104976 \
      FL /home/student2/a3lall/Desktop/COE758/COE758_Tutorials/project2/project2.vhd \
      EN work/project2 1701104975
